// Jest Snapshot v1, https://goo.gl/fbAQLP

exports[`parses HTML pragmas into syntax highlighted static code blocks 1`] = `
<div>
  <div
    dangerouslySetInnerHTML={
      Object {
        "__html": "<h1>hello world</h1>
      <p>I am some content</p>
      ",
      }
    }
  />
  <StaticCodeBlock
    code="render(&lt;button onClick={() => alert('Hello World')}>Hello World<span class=\\"token tag\\"><span class=\\"token tag\\"><span class=\\"token punctuation\\">&lt;/</span>button</span><span class=\\"token punctuation\\">></span></span>)"
    component={[Function]}
    language="html"
  >
    <CodeBlock
      code="render(&lt;button onClick={() => alert('Hello World')}>Hello World<span class=\\"token tag\\"><span class=\\"token tag\\"><span class=\\"token punctuation\\">&lt;/</span>button</span><span class=\\"token punctuation\\">></span></span>)"
      language="html"
    >
      <pre
        className="language-html"
      >
        <code
          className="language-html"
          dangerouslySetInnerHTML={
            Object {
              "__html": "render(&lt;button onClick={() => alert('Hello World')}>Hello World<span class=\\"token tag\\"><span class=\\"token tag\\"><span class=\\"token punctuation\\">&lt;/</span>button</span><span class=\\"token punctuation\\">></span></span>)",
            }
          }
        />
      </pre>
    </CodeBlock>
  </StaticCodeBlock>
  <div
    dangerouslySetInnerHTML={
      Object {
        "__html": "
      <p>I am some more content
      </p>
      ",
      }
    }
  />
</div>
`;

exports[`parses JavaScript pragmas into syntax highlighted static code blocks 1`] = `
<div>
  <div
    dangerouslySetInnerHTML={
      Object {
        "__html": "<h1>hello world</h1>
      <p>I am some content</p>
      ",
      }
    }
  />
  <StaticCodeBlock
    code="<span class=\\"token function\\">render</span><span class=\\"token punctuation\\">(</span><span class=\\"token operator\\">&lt;</span>button onClick<span class=\\"token operator\\">=</span><span class=\\"token punctuation\\">{</span><span class=\\"token punctuation\\">(</span><span class=\\"token punctuation\\">)</span> <span class=\\"token operator\\">=</span><span class=\\"token operator\\">></span> <span class=\\"token function\\">alert</span><span class=\\"token punctuation\\">(</span><span class=\\"token string\\">'Hello World'</span><span class=\\"token punctuation\\">)</span><span class=\\"token punctuation\\">}</span><span class=\\"token operator\\">></span>Hello World<span class=\\"token operator\\">&lt;</span><span class=\\"token operator\\">/</span>button<span class=\\"token operator\\">></span><span class=\\"token punctuation\\">)</span>"
    component={[Function]}
    language="javascript"
  >
    <CodeBlock
      code="<span class=\\"token function\\">render</span><span class=\\"token punctuation\\">(</span><span class=\\"token operator\\">&lt;</span>button onClick<span class=\\"token operator\\">=</span><span class=\\"token punctuation\\">{</span><span class=\\"token punctuation\\">(</span><span class=\\"token punctuation\\">)</span> <span class=\\"token operator\\">=</span><span class=\\"token operator\\">></span> <span class=\\"token function\\">alert</span><span class=\\"token punctuation\\">(</span><span class=\\"token string\\">'Hello World'</span><span class=\\"token punctuation\\">)</span><span class=\\"token punctuation\\">}</span><span class=\\"token operator\\">></span>Hello World<span class=\\"token operator\\">&lt;</span><span class=\\"token operator\\">/</span>button<span class=\\"token operator\\">></span><span class=\\"token punctuation\\">)</span>"
      language="javascript"
    >
      <pre
        className="language-javascript"
      >
        <code
          className="language-javascript"
          dangerouslySetInnerHTML={
            Object {
              "__html": "<span class=\\"token function\\">render</span><span class=\\"token punctuation\\">(</span><span class=\\"token operator\\">&lt;</span>button onClick<span class=\\"token operator\\">=</span><span class=\\"token punctuation\\">{</span><span class=\\"token punctuation\\">(</span><span class=\\"token punctuation\\">)</span> <span class=\\"token operator\\">=</span><span class=\\"token operator\\">></span> <span class=\\"token function\\">alert</span><span class=\\"token punctuation\\">(</span><span class=\\"token string\\">'Hello World'</span><span class=\\"token punctuation\\">)</span><span class=\\"token punctuation\\">}</span><span class=\\"token operator\\">></span>Hello World<span class=\\"token operator\\">&lt;</span><span class=\\"token operator\\">/</span>button<span class=\\"token operator\\">></span><span class=\\"token punctuation\\">)</span>",
            }
          }
        />
      </pre>
    </CodeBlock>
  </StaticCodeBlock>
  <div
    dangerouslySetInnerHTML={
      Object {
        "__html": "
      <p>I am some more content
      </p>
      ",
      }
    }
  />
</div>
`;

exports[`parses JavaScript pragmas into syntax highlighted static code blocks 2`] = `
<div>
  <div
    dangerouslySetInnerHTML={
      Object {
        "__html": "<h1>hello world</h1>
      <p>I am some content</p>
      ",
      }
    }
  />
  <StaticCodeBlock
    code="<span class=\\"token function\\">render</span><span class=\\"token punctuation\\">(</span><span class=\\"token operator\\">&lt;</span>button onClick<span class=\\"token operator\\">=</span><span class=\\"token punctuation\\">{</span><span class=\\"token punctuation\\">(</span><span class=\\"token punctuation\\">)</span> <span class=\\"token operator\\">=</span><span class=\\"token operator\\">></span> <span class=\\"token function\\">alert</span><span class=\\"token punctuation\\">(</span><span class=\\"token string\\">'Hello World'</span><span class=\\"token punctuation\\">)</span><span class=\\"token punctuation\\">}</span><span class=\\"token operator\\">></span>Hello World<span class=\\"token operator\\">&lt;</span><span class=\\"token operator\\">/</span>button<span class=\\"token operator\\">></span><span class=\\"token punctuation\\">)</span>"
    component={[Function]}
    language="javascript"
  >
    <CodeBlock
      code="<span class=\\"token function\\">render</span><span class=\\"token punctuation\\">(</span><span class=\\"token operator\\">&lt;</span>button onClick<span class=\\"token operator\\">=</span><span class=\\"token punctuation\\">{</span><span class=\\"token punctuation\\">(</span><span class=\\"token punctuation\\">)</span> <span class=\\"token operator\\">=</span><span class=\\"token operator\\">></span> <span class=\\"token function\\">alert</span><span class=\\"token punctuation\\">(</span><span class=\\"token string\\">'Hello World'</span><span class=\\"token punctuation\\">)</span><span class=\\"token punctuation\\">}</span><span class=\\"token operator\\">></span>Hello World<span class=\\"token operator\\">&lt;</span><span class=\\"token operator\\">/</span>button<span class=\\"token operator\\">></span><span class=\\"token punctuation\\">)</span>"
      language="javascript"
    >
      <pre
        className="language-javascript"
      >
        <code
          className="language-javascript"
          dangerouslySetInnerHTML={
            Object {
              "__html": "<span class=\\"token function\\">render</span><span class=\\"token punctuation\\">(</span><span class=\\"token operator\\">&lt;</span>button onClick<span class=\\"token operator\\">=</span><span class=\\"token punctuation\\">{</span><span class=\\"token punctuation\\">(</span><span class=\\"token punctuation\\">)</span> <span class=\\"token operator\\">=</span><span class=\\"token operator\\">></span> <span class=\\"token function\\">alert</span><span class=\\"token punctuation\\">(</span><span class=\\"token string\\">'Hello World'</span><span class=\\"token punctuation\\">)</span><span class=\\"token punctuation\\">}</span><span class=\\"token operator\\">></span>Hello World<span class=\\"token operator\\">&lt;</span><span class=\\"token operator\\">/</span>button<span class=\\"token operator\\">></span><span class=\\"token punctuation\\">)</span>",
            }
          }
        />
      </pre>
    </CodeBlock>
  </StaticCodeBlock>
  <div
    dangerouslySetInnerHTML={
      Object {
        "__html": "
      <p>I am some more content
      </p>
      ",
      }
    }
  />
</div>
`;

exports[`parses interactive pragmas into CodePreviews 1`] = `
<div>
  <div
    dangerouslySetInnerHTML={
      Object {
        "__html": "<h1>hello world</h1>
      <p>I am some content</p>
      ",
      }
    }
  />
  <ClickToRenderCodePreview
    clickToRender={true}
    code="render(<button onClick={() => alert('Hello World')}>Hello World</button>)"
    component={[Function]}
    summary="I am the summary"
  >
    <ClickToRender
      component={[Function]}
      props={
        Object {
          "clickToRender": true,
          "code": "render(<button onClick={() => alert('Hello World')}>Hello World</button>)",
          "component": [Function],
          "summary": "I am the summary",
        }
      }
      summary="I am the summary"
    >
      <details
        onClick={[Function]}
      >
        <summary>
          I am the summary
        </summary>
      </details>
    </ClickToRender>
  </ClickToRenderCodePreview>
  <div
    dangerouslySetInnerHTML={
      Object {
        "__html": "
      <p>I am some more content
      </p>
      ",
      }
    }
  />
</div>
`;

exports[`parses interactive pragmas into CodePreviews 2`] = `
<div>
  <div
    dangerouslySetInnerHTML={
      Object {
        "__html": "<h1>hello world</h1>
      <p>I am some content</p>
      ",
      }
    }
  />
  <ClickToRenderCodePreview
    clickToRender={true}
    code="render(<button onClick={() => alert('Hello World')}>Hello World</button>)"
    component={[Function]}
    summary="I am the summary"
  >
    <ClickToRender
      component={[Function]}
      props={
        Object {
          "clickToRender": true,
          "code": "render(<button onClick={() => alert('Hello World')}>Hello World</button>)",
          "component": [Function],
          "summary": "I am the summary",
        }
      }
      summary="I am the summary"
    >
      <details
        onClick={[Function]}
      >
        <summary>
          I am the summary
        </summary>
      </details>
    </ClickToRender>
  </ClickToRenderCodePreview>
  <div
    dangerouslySetInnerHTML={
      Object {
        "__html": "
      <p>I am some more content
      </p>
      ",
      }
    }
  />
</div>
`;

exports[`parses shell pragmas into syntax highlighted static code blocks 1`] = `
<div>
  <div
    dangerouslySetInnerHTML={
      Object {
        "__html": "<h1>hello world</h1>
      <p>I am some content</p>
      ",
      }
    }
  />
  <StaticCodeBlock
    code="render<span class=\\"token punctuation\\">(</span><span class=\\"token operator\\">&lt;</span>button onClick<span class=\\"token operator\\">=</span><span class=\\"token punctuation\\">{</span><span class=\\"token punctuation\\">(</span><span class=\\"token punctuation\\">)</span> <span class=\\"token operator\\">=</span><span class=\\"token operator\\">></span> alert<span class=\\"token punctuation\\">(</span><span class=\\"token string\\">'Hello World'</span><span class=\\"token punctuation\\">)</span><span class=\\"token punctuation\\">}</span><span class=\\"token operator\\">></span>Hello World<span class=\\"token operator\\">&lt;</span>/button<span class=\\"token operator\\">></span><span class=\\"token punctuation\\">)</span>"
    component={[Function]}
    language="bash"
  >
    <CodeBlock
      code="render<span class=\\"token punctuation\\">(</span><span class=\\"token operator\\">&lt;</span>button onClick<span class=\\"token operator\\">=</span><span class=\\"token punctuation\\">{</span><span class=\\"token punctuation\\">(</span><span class=\\"token punctuation\\">)</span> <span class=\\"token operator\\">=</span><span class=\\"token operator\\">></span> alert<span class=\\"token punctuation\\">(</span><span class=\\"token string\\">'Hello World'</span><span class=\\"token punctuation\\">)</span><span class=\\"token punctuation\\">}</span><span class=\\"token operator\\">></span>Hello World<span class=\\"token operator\\">&lt;</span>/button<span class=\\"token operator\\">></span><span class=\\"token punctuation\\">)</span>"
      language="bash"
    >
      <pre
        className="language-bash"
      >
        <code
          className="language-bash"
          dangerouslySetInnerHTML={
            Object {
              "__html": "render<span class=\\"token punctuation\\">(</span><span class=\\"token operator\\">&lt;</span>button onClick<span class=\\"token operator\\">=</span><span class=\\"token punctuation\\">{</span><span class=\\"token punctuation\\">(</span><span class=\\"token punctuation\\">)</span> <span class=\\"token operator\\">=</span><span class=\\"token operator\\">></span> alert<span class=\\"token punctuation\\">(</span><span class=\\"token string\\">'Hello World'</span><span class=\\"token punctuation\\">)</span><span class=\\"token punctuation\\">}</span><span class=\\"token operator\\">></span>Hello World<span class=\\"token operator\\">&lt;</span>/button<span class=\\"token operator\\">></span><span class=\\"token punctuation\\">)</span>",
            }
          }
        />
      </pre>
    </CodeBlock>
  </StaticCodeBlock>
  <div
    dangerouslySetInnerHTML={
      Object {
        "__html": "
      <p>I am some more content
      </p>
      ",
      }
    }
  />
</div>
`;
