// Jest Snapshot v1, https://goo.gl/fbAQLP

exports[`closed state 1`] = `
.css-us5ocl,
[data-css-us5ocl] {
  font-size: .8em;
  cursor: pointer;
}

.css-1g8ekyi,
[data-css-1g8ekyi] {
  background-color: #fff;
  color: #CC3A4B;
  border: 1px solid #CC3A4B;
  text-align: left;
  padding: 3px 10px;
  outline: none;
  display: block;
  font-size: 1em;
  width: 100%;
  border-bottom-color: #CC3A4B;
}

@media only screen and (max-width: 480px) {
  .css-1g8ekyi,
  [data-css-1g8ekyi] {
    text-align: center;
  }
}

<div
  class="css-us5ocl"
>
  <button
    class="css-1g8ekyi"
  >
    <div>
       
      <span />
    </div>
  </button>
</div>
`;
