// Jest Snapshot v1, https://goo.gl/fbAQLP

exports[`shallow 1`] = `
<layout
  pathname=""
>
  <glamorous.Div
    margin={20}
  >
    <glamorous.Div
      margin="0 auto"
      maxWidth={800}
      textAlign="center"
    >
      <GlamorousLogo
        margin="0 auto"
      />
      <glamorous(h1)>
        Maintainable CSS with React
      </glamorous(h1)>
    </glamorous.Div>
  </glamorous.Div>
  <glamorous(div)>
    <CodePreview
      code="const solidColors = {
      backgroundColor: '#ED5C70',
      color: '#fff'
    }
    
    const transparentColors = {
      backgroundColor: 'rgba(255, 255, 255, 0.5)',
      color: '#ED5C70'
    }
    
    const secondaryButtonStyles = {
      ...transparentColors,
      ':hover': solidColors
    }
    
    const Wrapper = glamorous.div({
      textAlign: 'center'
    })
    
    const Button = glamorous.a(
      solidColors,
      {
        border: '1px solid #F67982',
        width: '11em',
        padding: '0.7em 0',
        textDecoration: 'none',
        borderRadius: 4,
        display: 'inline-block',
        margin: '.5em 1em',
        transition: 'all .3s',
        ':hover': transparentColors,
      }
    )
    
    const SecondaryButton = glamorous(Button)(secondaryButtonStyles)
    
    render(
      <glamorous.Div textAlign=\\"center\\">
        <Button href=\\"https://github.com/paypal/glamorous\\">GitHub</Button>
        <SecondaryButton href=\\"http://kcd.im/glamorous-help\\">Try It</SecondaryButton>
      </glamorous.Div>
    )"
    />
    <glamorous(div)>
      npm install --save glamorous react glamor prop-types
    </glamorous(div)>
    <glamorous(div)>
      Used by peeps at
    </glamorous(div)>
    <glamorous(ul)>
      <glamorous(li)>
        Target
      </glamorous(li)>
      <glamorous(li)>
        Walmart
      </glamorous(li)>
      <glamorous(li)>
        Reddit
      </glamorous(li)>
      <glamorous(li)>
        Bloomberg
      </glamorous(li)>
    </glamorous(ul)>
  </glamorous(div)>
</layout>
`;
