// Jest Snapshot v1, https://goo.gl/fbAQLP

exports[`shallow 1`] = `
<layout
  pathname=""
>
  <glamorous.Div
    margin={20}
  >
    <glamorous.Div
      margin="0 auto"
      maxWidth={800}
      textAlign="center"
    >
      <GlamorousLogo
        margin="0 auto"
      />
      <glamorous(h1)>
        Maintainable CSS with React
      </glamorous(h1)>
      <glamorous(a)
        href="https://github.com/paypal/glamorous"
      >
        GitHub
      </glamorous(a)>
      <glamorous(a)
        href="http://kcd.im/glamorous-help"
        secondary={true}
      >
        Try It
      </glamorous(a)>
    </glamorous.Div>
  </glamorous.Div>
  <glamorous(div)>
    <CodePreview
      code="const MyHeading = glamorous.h1({
      color: 'palevioletred',
      backgroundColor: 'papayawhip',
      padding: '2rem',
      textAlign: 'center'
    })
    
    render(
      <MyHeading>Hello World!</MyHeading>
    )"
    />
    <glamorous(div)>
      npm install --save glamorous react glamor prop-types
    </glamorous(div)>
    <glamorous(div)>
      Used by peeps at
    </glamorous(div)>
    <glamorous(ul)>
      <glamorous(li)>
        Target
      </glamorous(li)>
      <glamorous(li)>
        Walmart
      </glamorous(li)>
      <glamorous(li)>
        Reddit
      </glamorous(li)>
      <glamorous(li)>
        Bloomberg
      </glamorous(li)>
    </glamorous(ul)>
  </glamorous(div)>
</layout>
`;
